Archive member included to satisfy reference by file (symbol)

/Users/kenj/Dev/Rosco_Dev/rosco_m68k/code/software/libs/build/lib/libprintf.a(printf-nofloat.o)
                              ../xosera_m68k_api/xosera_api.o (printf_)
/Users/kenj/Dev/Rosco_Dev/rosco_m68k/code/software/libs/build/lib/libprintf.a(putchar.o)
                              /Users/kenj/Dev/Rosco_Dev/rosco_m68k/code/software/libs/build/lib/libprintf.a(printf-nofloat.o) (_putchar)
/Users/kenj/Dev/Rosco_Dev/rosco_m68k/code/software/libs/build/lib/libmachine.a(machine.o)
                              kmain.o (mcDelaymsec10)
/Users/kenj/Dev/Rosco_Dev/rosco_m68k/code/software/libs/build/lib/libstart_serial.a(init.o)
                              (START)
/Users/kenj/Dev/Rosco_Dev/rosco_m68k/code/software/libs/build/lib/libstart_serial.a(kinit.o)
                              /Users/kenj/Dev/Rosco_Dev/rosco_m68k/code/software/libs/build/lib/libstart_serial.a(init.o) (__kinit)
/usr/local/Cellar/gcc-cross-m68k@10/10.2.0/lib/gcc/m68k-elf/10.2.0/m68000//libgcc.a(_udivsi3.o)
                              xosera_gfx_test.o (__udivsi3)
/usr/local/Cellar/gcc-cross-m68k@10/10.2.0/lib/gcc/m68k-elf/10.2.0/m68000//libgcc.a(_divsi3.o)
                              xosera_gfx_test.o (__divsi3)
/usr/local/Cellar/gcc-cross-m68k@10/10.2.0/lib/gcc/m68k-elf/10.2.0/m68000//libgcc.a(_umodsi3.o)
                              xosera_gfx_test.o (__umodsi3)
/usr/local/Cellar/gcc-cross-m68k@10/10.2.0/lib/gcc/m68k-elf/10.2.0/m68000//libgcc.a(_mulsi3.o)
                              /usr/local/Cellar/gcc-cross-m68k@10/10.2.0/lib/gcc/m68k-elf/10.2.0/m68000//libgcc.a(_umodsi3.o) (__mulsi3)

Discarded input sections

 .text          0x0000000000000000        0x0 kmain.o
 .data          0x0000000000000000        0x0 kmain.o
 .bss           0x0000000000000000        0x0 kmain.o
 .text          0x0000000000000000        0x0 xosera_gfx_test.o
 .data          0x0000000000000000        0x0 xosera_gfx_test.o
 .bss           0x0000000000000000        0x0 xosera_gfx_test.o
 .text.timer_start
                0x0000000000000000       0x18 xosera_gfx_test.o
 .text.timer_stop
                0x0000000000000000       0x1a xosera_gfx_test.o
 .text.delay_check
                0x0000000000000000       0x4a xosera_gfx_test.o
 .text.rosco_m68k_CPUMHz
                0x0000000000000000       0xba xosera_gfx_test.o
 .bss.text_v    0x0000000000000000        0x1 xosera_gfx_test.o
 .bss.text_h    0x0000000000000000        0x1 xosera_gfx_test.o
 .bss.start_tick
                0x0000000000000000        0x4 xosera_gfx_test.o
 .bss.vram_buffer2
                0x0000000000000000    0x80000 xosera_gfx_test.o
 .bss.vram_buffer
                0x0000000000000000    0x80000 xosera_gfx_test.o
 .bss.use_sd    0x0000000000000000        0x1 xosera_gfx_test.o
 .text          0x0000000000000000        0x0 ../xosera_m68k_api/xosera_api.o
 .data          0x0000000000000000        0x0 ../xosera_m68k_api/xosera_api.o
 .bss           0x0000000000000000        0x0 ../xosera_m68k_api/xosera_api.o
 .text.xosera_sync
                0x0000000000000000       0x3a ../xosera_m68k_api/xosera_api.o
 .text.xv_vram_fill
                0x0000000000000000       0x40 ../xosera_m68k_api/xosera_api.o
 .text.xv_copy_to_vram
                0x0000000000000000       0x38 ../xosera_m68k_api/xosera_api.o
 .text.xv_copy_from_vram
                0x0000000000000000       0x38 ../xosera_m68k_api/xosera_api.o
 .text          0x0000000000000000        0x0 /Users/kenj/Dev/Rosco_Dev/rosco_m68k/code/software/libs/build/lib/libprintf.a(printf-nofloat.o)
 .data          0x0000000000000000        0x0 /Users/kenj/Dev/Rosco_Dev/rosco_m68k/code/software/libs/build/lib/libprintf.a(printf-nofloat.o)
 .bss           0x0000000000000000        0x0 /Users/kenj/Dev/Rosco_Dev/rosco_m68k/code/software/libs/build/lib/libprintf.a(printf-nofloat.o)
 .text._out_fct
                0x0000000000000000       0x20 /Users/kenj/Dev/Rosco_Dev/rosco_m68k/code/software/libs/build/lib/libprintf.a(printf-nofloat.o)
 .text.sprintf_
                0x0000000000000000       0x28 /Users/kenj/Dev/Rosco_Dev/rosco_m68k/code/software/libs/build/lib/libprintf.a(printf-nofloat.o)
 .text.snprintf_
                0x0000000000000000       0x28 /Users/kenj/Dev/Rosco_Dev/rosco_m68k/code/software/libs/build/lib/libprintf.a(printf-nofloat.o)
 .text.vprintf_
                0x0000000000000000       0x28 /Users/kenj/Dev/Rosco_Dev/rosco_m68k/code/software/libs/build/lib/libprintf.a(printf-nofloat.o)
 .text.fctprintf
                0x0000000000000000       0x34 /Users/kenj/Dev/Rosco_Dev/rosco_m68k/code/software/libs/build/lib/libprintf.a(printf-nofloat.o)
 .text          0x0000000000000000        0x0 /Users/kenj/Dev/Rosco_Dev/rosco_m68k/code/software/libs/build/lib/libprintf.a(putchar.o)
 .data          0x0000000000000000        0x0 /Users/kenj/Dev/Rosco_Dev/rosco_m68k/code/software/libs/build/lib/libprintf.a(putchar.o)
 .bss           0x0000000000000000        0x0 /Users/kenj/Dev/Rosco_Dev/rosco_m68k/code/software/libs/build/lib/libprintf.a(putchar.o)
 .text.mcPrintln
                0x0000000000000000       0x12 /Users/kenj/Dev/Rosco_Dev/rosco_m68k/code/software/libs/build/lib/libmachine.a(machine.o)
 .text.mcSendchar
                0x0000000000000000       0x12 /Users/kenj/Dev/Rosco_Dev/rosco_m68k/code/software/libs/build/lib/libmachine.a(machine.o)
 .text.mcBusywait
                0x0000000000000000        0xc /Users/kenj/Dev/Rosco_Dev/rosco_m68k/code/software/libs/build/lib/libmachine.a(machine.o)
 .text.mcDisableInterrupts
                0x0000000000000000        0xe /Users/kenj/Dev/Rosco_Dev/rosco_m68k/code/software/libs/build/lib/libmachine.a(machine.o)
 .text.mcEnableInterrupts
                0x0000000000000000       0x1e /Users/kenj/Dev/Rosco_Dev/rosco_m68k/code/software/libs/build/lib/libmachine.a(machine.o)
 .text.mcHalt   0x0000000000000000        0x6 /Users/kenj/Dev/Rosco_Dev/rosco_m68k/code/software/libs/build/lib/libmachine.a(machine.o)
 .text          0x0000000000000000        0x0 /Users/kenj/Dev/Rosco_Dev/rosco_m68k/code/software/libs/build/lib/libstart_serial.a(kinit.o)
 .data          0x0000000000000000        0x0 /Users/kenj/Dev/Rosco_Dev/rosco_m68k/code/software/libs/build/lib/libstart_serial.a(kinit.o)
 .bss           0x0000000000000000        0x0 /Users/kenj/Dev/Rosco_Dev/rosco_m68k/code/software/libs/build/lib/libstart_serial.a(kinit.o)
 .data          0x0000000000000000        0x0 /usr/local/Cellar/gcc-cross-m68k@10/10.2.0/lib/gcc/m68k-elf/10.2.0/m68000//libgcc.a(_udivsi3.o)
 .bss           0x0000000000000000        0x0 /usr/local/Cellar/gcc-cross-m68k@10/10.2.0/lib/gcc/m68k-elf/10.2.0/m68000//libgcc.a(_udivsi3.o)
 .data          0x0000000000000000        0x0 /usr/local/Cellar/gcc-cross-m68k@10/10.2.0/lib/gcc/m68k-elf/10.2.0/m68000//libgcc.a(_divsi3.o)
 .bss           0x0000000000000000        0x0 /usr/local/Cellar/gcc-cross-m68k@10/10.2.0/lib/gcc/m68k-elf/10.2.0/m68000//libgcc.a(_divsi3.o)
 .data          0x0000000000000000        0x0 /usr/local/Cellar/gcc-cross-m68k@10/10.2.0/lib/gcc/m68k-elf/10.2.0/m68000//libgcc.a(_umodsi3.o)
 .bss           0x0000000000000000        0x0 /usr/local/Cellar/gcc-cross-m68k@10/10.2.0/lib/gcc/m68k-elf/10.2.0/m68000//libgcc.a(_umodsi3.o)
 .data          0x0000000000000000        0x0 /usr/local/Cellar/gcc-cross-m68k@10/10.2.0/lib/gcc/m68k-elf/10.2.0/m68000//libgcc.a(_mulsi3.o)
 .bss           0x0000000000000000        0x0 /usr/local/Cellar/gcc-cross-m68k@10/10.2.0/lib/gcc/m68k-elf/10.2.0/m68000//libgcc.a(_mulsi3.o)

Memory Configuration

Name             Origin             Length             Attributes
RAM              0x0000000000002000 0x0000000000f7e000
*default*        0x0000000000000000 0xffffffffffffffff

Linker script and memory map

                0x0000000000002000                ram = 0x2000
                [!provide]                        PROVIDE (_STACK_SIZE, 0x4000)
                [!provide]                        PROVIDE (_INITIAL_STACK, 0x0)
                [!provide]                        PROVIDE (_WARM_BOOT, 0x4)
                [!provide]                        PROVIDE (_MFP_VECTORS, 0x100)
                [!provide]                        PROVIDE (_SDB, 0x400)
                [!provide]                        PROVIDE (_SDB_MAGIC, 0x400)
                [!provide]                        PROVIDE (_SDB_STATUS, 0x404)
                [!provide]                        PROVIDE (_SDB_RSRVD_408, 0x408)
                0x000000000000040c                PROVIDE (_TIMER_100HZ, 0x40c)
                [!provide]                        PROVIDE (_EASY68K_ECHOON, 0x410)
                [!provide]                        PROVIDE (_EASY68K_PROMPT, 0x411)
                [!provide]                        PROVIDE (_EASY68K_SHOWLF, 0x412)
                [!provide]                        PROVIDE (_SDB_RSRVD_413, 0x413)
                [!provide]                        PROVIDE (_SDB_MEM_SIZE, 0x414)
                [!provide]                        PROVIDE (_SDB_UART_BASE, 0x418)
                [!provide]                        PROVIDE (_SDB_CPU_INFO, 0x41c)
                [!provide]                        PROVIDE (_EFP_TABLE, 0x420)
                [!provide]                        PROVIDE (_EFP_PRINT, 0x420)
                [!provide]                        PROVIDE (_EFP_PRINTLN, 0x424)
                [!provide]                        PROVIDE (_EFP_PRINTCHAR, 0x428)
                [!provide]                        PROVIDE (_EFP_HALT, 0x42c)
                [!provide]                        PROVIDE (_EFP_SENDCHAR, 0x430)
                [!provide]                        PROVIDE (_EFP_RECVCHAR, 0x434)
                [!provide]                        PROVIDE (_EFP_CLRSCR, 0x438)
                [!provide]                        PROVIDE (_EFP_MOVEXY, 0x43c)
                [!provide]                        PROVIDE (_EFP_SETCURSOR, 0x440)
                [!provide]                        PROVIDE (_EFP_RESRVD_444, 0x444)
                [!provide]                        PROVIDE (_EFP_PROGLOADER, 0x448)
                [!provide]                        PROVIDE (_EFP_SD_INIT, 0x44c)
                [!provide]                        PROVIDE (_EFP_SD_READ, 0x450)
                [!provide]                        PROVIDE (_EFP_SD_WRITE, 0x454)
                [!provide]                        PROVIDE (_EFP_SD_REG, 0x458)
                [!provide]                        PROVIDE (_EFP_SPI_INIT, 0x45c)
                [!provide]                        PROVIDE (_EFP_SPI_CS_A, 0x460)
                [!provide]                        PROVIDE (_EFP_SPI_CS_D, 0x464)
                [!provide]                        PROVIDE (_EFP_SPI_XFER_B, 0x468)
                [!provide]                        PROVIDE (_EFP_SPI_XFER_M, 0x46c)
                [!provide]                        PROVIDE (_EFP_SPI_RECV_B, 0x470)
                [!provide]                        PROVIDE (_EFP_SPI_RECV_M, 0x474)
                [!provide]                        PROVIDE (_EFP_SPI_SEND_B, 0x478)
                [!provide]                        PROVIDE (_EFP_SPI_SEND_M, 0x47c)
                [!provide]                        PROVIDE (_EFP_ATA_INIT, 0x480)
                [!provide]                        PROVIDE (_EFP_ATA_READ, 0x484)
                [!provide]                        PROVIDE (_EFP_ATA_WRITE, 0x488)
                [!provide]                        PROVIDE (_EFP_ATA_IDENT, 0x48c)
                [!provide]                        PROVIDE (_FIRMWARE, 0xfc0000)
                [!provide]                        PROVIDE (_FIRMWARE_REV, 0xfc0400)
                [!provide]                        PROVIDE (_LOAD_ADDRESS, 0x40000)
                [!provide]                        PROVIDE (_RUN_ADDRESS, ORIGIN (RAM))

.text.init      0x0000000000002000       0x26
                0x0000000000002000                _init = .
 *(.init)
 .init          0x0000000000002000       0x26 /Users/kenj/Dev/Rosco_Dev/rosco_m68k/code/software/libs/build/lib/libstart_serial.a(init.o)
                0x0000000000002000                START
                0x0000000000002026                _init_end = .

.text.postinit  0x0000000000002026       0x2e
                0x0000000000002026                _postinit = .
 *(.postinit)
 .postinit      0x0000000000002026       0x2e /Users/kenj/Dev/Rosco_Dev/rosco_m68k/code/software/libs/build/lib/libstart_serial.a(init.o)
                0x0000000000002054                . = ALIGN (0x4)
                0x0000000000002054                _postinit_end = .

.text           0x0000000000002054     0x155c
                0x0000000000002054                _code = .
 *(.text*)
 .text.kmain    0x0000000000002054       0x12 kmain.o
                0x0000000000002054                kmain
 .text.dprintf  0x0000000000002066       0x6c xosera_gfx_test.o
 .text.xosera_mode_test
                0x00000000000020d2      0x330 xosera_gfx_test.o
                0x00000000000020d2                xosera_mode_test
 .text.xosera_init
                0x0000000000002402      0x122 ../xosera_m68k_api/xosera_api.o
                0x0000000000002402                xosera_init
 .text._out_buffer
                0x0000000000002524       0x18 /Users/kenj/Dev/Rosco_Dev/rosco_m68k/code/software/libs/build/lib/libprintf.a(printf-nofloat.o)
 .text._out_null
                0x000000000000253c        0x2 /Users/kenj/Dev/Rosco_Dev/rosco_m68k/code/software/libs/build/lib/libprintf.a(printf-nofloat.o)
 .text._ntoa_long
                0x000000000000253e      0x494 /Users/kenj/Dev/Rosco_Dev/rosco_m68k/code/software/libs/build/lib/libprintf.a(printf-nofloat.o)
 .text._out_char
                0x00000000000029d2       0x18 /Users/kenj/Dev/Rosco_Dev/rosco_m68k/code/software/libs/build/lib/libprintf.a(printf-nofloat.o)
 .text._vsnprintf
                0x00000000000029ea      0x8d0 /Users/kenj/Dev/Rosco_Dev/rosco_m68k/code/software/libs/build/lib/libprintf.a(printf-nofloat.o)
 .text.printf_  0x00000000000032ba       0x28 /Users/kenj/Dev/Rosco_Dev/rosco_m68k/code/software/libs/build/lib/libprintf.a(printf-nofloat.o)
                0x00000000000032ba                printf_
 .text.vsnprintf_
                0x00000000000032e2       0x22 /Users/kenj/Dev/Rosco_Dev/rosco_m68k/code/software/libs/build/lib/libprintf.a(printf-nofloat.o)
                0x00000000000032e2                vsnprintf_
 .text._putchar
                0x0000000000003304       0x42 /Users/kenj/Dev/Rosco_Dev/rosco_m68k/code/software/libs/build/lib/libprintf.a(putchar.o)
                0x0000000000003304                _putchar
 .text.mcPrint  0x0000000000003346       0x12 /Users/kenj/Dev/Rosco_Dev/rosco_m68k/code/software/libs/build/lib/libmachine.a(machine.o)
                0x0000000000003346                mcPrint
 .text.mcReadchar
                0x0000000000003358        0xa /Users/kenj/Dev/Rosco_Dev/rosco_m68k/code/software/libs/build/lib/libmachine.a(machine.o)
                0x0000000000003358                mcReadchar
 .text.mcCheckchar
                0x0000000000003362        0xe /Users/kenj/Dev/Rosco_Dev/rosco_m68k/code/software/libs/build/lib/libmachine.a(machine.o)
                0x0000000000003362                mcCheckchar
 .text.mcDelaymsec10
                0x0000000000003370       0x10 /Users/kenj/Dev/Rosco_Dev/rosco_m68k/code/software/libs/build/lib/libmachine.a(machine.o)
                0x0000000000003370                mcDelaymsec10
 .text.__kinit  0x0000000000003380       0x2c /Users/kenj/Dev/Rosco_Dev/rosco_m68k/code/software/libs/build/lib/libstart_serial.a(kinit.o)
                0x0000000000003380                __kinit
 .text          0x00000000000033ac       0x5c /usr/local/Cellar/gcc-cross-m68k@10/10.2.0/lib/gcc/m68k-elf/10.2.0/m68000//libgcc.a(_udivsi3.o)
                0x00000000000033ac                __udivsi3
 .text          0x0000000000003408       0x2e /usr/local/Cellar/gcc-cross-m68k@10/10.2.0/lib/gcc/m68k-elf/10.2.0/m68000//libgcc.a(_divsi3.o)
                0x0000000000003408                __divsi3
 *fill*         0x0000000000003436        0x2 
 .text          0x0000000000003438       0x2e /usr/local/Cellar/gcc-cross-m68k@10/10.2.0/lib/gcc/m68k-elf/10.2.0/m68000//libgcc.a(_umodsi3.o)
                0x0000000000003438                __umodsi3
 *fill*         0x0000000000003466        0x2 
 .text          0x0000000000003468       0x22 /usr/local/Cellar/gcc-cross-m68k@10/10.2.0/lib/gcc/m68k-elf/10.2.0/m68000//libgcc.a(_mulsi3.o)
                0x0000000000003468                __mulsi3
 *(.rodata*)
 .rodata.rosco_m68k_CPUMHz.str1.1
                0x000000000000348a       0x37 xosera_gfx_test.o
 .rodata.xosera_mode_test.str1.1
                0x00000000000034c1       0xd8 xosera_gfx_test.o
 *fill*         0x0000000000003599        0x1 
 .rodata.xosera_ptr
                0x000000000000359a        0x4 xosera_gfx_test.o
                0x000000000000359a                xosera_ptr
 .rodata.xosera_init.str1.1
                0x000000000000359e       0x12 ../xosera_m68k_api/xosera_api.o
                0x00000000000035b0                _code_end = .

.data           0x00000000000035b0        0x4
                0x00000000000035b0                _data_start = .
 *(.data*)
 .data.text_color
                0x00000000000035b0        0x1 xosera_gfx_test.o
                0x00000000000035b0                text_color
 .data.crbuf    0x00000000000035b1        0x2 /Users/kenj/Dev/Rosco_Dev/rosco_m68k/code/software/libs/build/lib/libprintf.a(putchar.o)
                0x00000000000035b4                . = ALIGN (0x4)
 *fill*         0x00000000000035b3        0x1 
                0x00000000000035b4                _data_end = .

.bss            0x00000000000035b4     0x100c
                0x00000000000035b4                . = ALIGN (0x4)
                0x00000000000035b4                _bss_start = .
 *(.bss*)
 .bss.test_count
                0x00000000000035b4        0x4 xosera_gfx_test.o
                0x00000000000035b4                test_count
 .bss.text_rows
                0x00000000000035b8        0x1 xosera_gfx_test.o
                0x00000000000035b8                text_rows
 .bss.text_columns
                0x00000000000035b9        0x1 xosera_gfx_test.o
                0x00000000000035b9                text_columns
 .bss.screen_addr
                0x00000000000035ba        0x2 xosera_gfx_test.o
                0x00000000000035ba                screen_addr
 .bss.dprint_buff
                0x00000000000035bc     0x1000 xosera_gfx_test.o
 .bss.buf       0x00000000000045bc        0x2 /Users/kenj/Dev/Rosco_Dev/rosco_m68k/code/software/libs/build/lib/libprintf.a(putchar.o)
 *(COMMON)
                0x00000000000045c0                . = ALIGN (0x4)
 *fill*         0x00000000000045be        0x2 
                0x00000000000045c0                _bss_end = .
                0x00000000000045c0                _end = .
LOAD kmain.o
LOAD xosera_gfx_test.o
LOAD ../xosera_m68k_api/xosera_api.o
LOAD /Users/kenj/Dev/Rosco_Dev/rosco_m68k/code/software/libs/build/lib/libsdfat.a
LOAD /Users/kenj/Dev/Rosco_Dev/rosco_m68k/code/software/libs/build/lib/libprintf.a
LOAD /Users/kenj/Dev/Rosco_Dev/rosco_m68k/code/software/libs/build/lib/libcstdlib.a
LOAD /Users/kenj/Dev/Rosco_Dev/rosco_m68k/code/software/libs/build/lib/libmachine.a
LOAD /Users/kenj/Dev/Rosco_Dev/rosco_m68k/code/software/libs/build/lib/libstart_serial.a
LOAD /usr/local/Cellar/gcc-cross-m68k@10/10.2.0/lib/gcc/m68k-elf/10.2.0/m68000//libgcc.a
OUTPUT(xosera_gfx_test.elf elf32-m68k)

.debug_info     0x0000000000000000     0x1fe3
 .debug_info    0x0000000000000000       0xbb kmain.o
 .debug_info    0x00000000000000bb      0x944 xosera_gfx_test.o
 .debug_info    0x00000000000009ff      0x58b ../xosera_m68k_api/xosera_api.o
 .debug_info    0x0000000000000f8a      0xbde /Users/kenj/Dev/Rosco_Dev/rosco_m68k/code/software/libs/build/lib/libprintf.a(printf-nofloat.o)
 .debug_info    0x0000000000001b68       0xf4 /Users/kenj/Dev/Rosco_Dev/rosco_m68k/code/software/libs/build/lib/libprintf.a(putchar.o)
 .debug_info    0x0000000000001c5c       0xd3 /Users/kenj/Dev/Rosco_Dev/rosco_m68k/code/software/libs/build/lib/libstart_serial.a(kinit.o)
 .debug_info    0x0000000000001d2f       0xad /usr/local/Cellar/gcc-cross-m68k@10/10.2.0/lib/gcc/m68k-elf/10.2.0/m68000//libgcc.a(_udivsi3.o)
 .debug_info    0x0000000000001ddc       0xad /usr/local/Cellar/gcc-cross-m68k@10/10.2.0/lib/gcc/m68k-elf/10.2.0/m68000//libgcc.a(_divsi3.o)
 .debug_info    0x0000000000001e89       0xad /usr/local/Cellar/gcc-cross-m68k@10/10.2.0/lib/gcc/m68k-elf/10.2.0/m68000//libgcc.a(_umodsi3.o)
 .debug_info    0x0000000000001f36       0xad /usr/local/Cellar/gcc-cross-m68k@10/10.2.0/lib/gcc/m68k-elf/10.2.0/m68000//libgcc.a(_mulsi3.o)

.debug_abbrev   0x0000000000000000      0xa5b
 .debug_abbrev  0x0000000000000000       0x70 kmain.o
 .debug_abbrev  0x0000000000000070      0x332 xosera_gfx_test.o
 .debug_abbrev  0x00000000000003a2      0x216 ../xosera_m68k_api/xosera_api.o
 .debug_abbrev  0x00000000000005b8      0x313 /Users/kenj/Dev/Rosco_Dev/rosco_m68k/code/software/libs/build/lib/libprintf.a(printf-nofloat.o)
 .debug_abbrev  0x00000000000008cb       0xb7 /Users/kenj/Dev/Rosco_Dev/rosco_m68k/code/software/libs/build/lib/libprintf.a(putchar.o)
 .debug_abbrev  0x0000000000000982       0x89 /Users/kenj/Dev/Rosco_Dev/rosco_m68k/code/software/libs/build/lib/libstart_serial.a(kinit.o)
 .debug_abbrev  0x0000000000000a0b       0x14 /usr/local/Cellar/gcc-cross-m68k@10/10.2.0/lib/gcc/m68k-elf/10.2.0/m68000//libgcc.a(_udivsi3.o)
 .debug_abbrev  0x0000000000000a1f       0x14 /usr/local/Cellar/gcc-cross-m68k@10/10.2.0/lib/gcc/m68k-elf/10.2.0/m68000//libgcc.a(_divsi3.o)
 .debug_abbrev  0x0000000000000a33       0x14 /usr/local/Cellar/gcc-cross-m68k@10/10.2.0/lib/gcc/m68k-elf/10.2.0/m68000//libgcc.a(_umodsi3.o)
 .debug_abbrev  0x0000000000000a47       0x14 /usr/local/Cellar/gcc-cross-m68k@10/10.2.0/lib/gcc/m68k-elf/10.2.0/m68000//libgcc.a(_mulsi3.o)

.debug_aranges  0x0000000000000000      0x1e0
 .debug_aranges
                0x0000000000000000       0x20 kmain.o
 .debug_aranges
                0x0000000000000020       0x48 xosera_gfx_test.o
 .debug_aranges
                0x0000000000000068       0x40 ../xosera_m68k_api/xosera_api.o
 .debug_aranges
                0x00000000000000a8       0x78 /Users/kenj/Dev/Rosco_Dev/rosco_m68k/code/software/libs/build/lib/libprintf.a(printf-nofloat.o)
 .debug_aranges
                0x0000000000000120       0x20 /Users/kenj/Dev/Rosco_Dev/rosco_m68k/code/software/libs/build/lib/libprintf.a(putchar.o)
 .debug_aranges
                0x0000000000000140       0x20 /Users/kenj/Dev/Rosco_Dev/rosco_m68k/code/software/libs/build/lib/libstart_serial.a(kinit.o)
 .debug_aranges
                0x0000000000000160       0x20 /usr/local/Cellar/gcc-cross-m68k@10/10.2.0/lib/gcc/m68k-elf/10.2.0/m68000//libgcc.a(_udivsi3.o)
 .debug_aranges
                0x0000000000000180       0x20 /usr/local/Cellar/gcc-cross-m68k@10/10.2.0/lib/gcc/m68k-elf/10.2.0/m68000//libgcc.a(_divsi3.o)
 .debug_aranges
                0x00000000000001a0       0x20 /usr/local/Cellar/gcc-cross-m68k@10/10.2.0/lib/gcc/m68k-elf/10.2.0/m68000//libgcc.a(_umodsi3.o)
 .debug_aranges
                0x00000000000001c0       0x20 /usr/local/Cellar/gcc-cross-m68k@10/10.2.0/lib/gcc/m68k-elf/10.2.0/m68000//libgcc.a(_mulsi3.o)

.debug_ranges   0x0000000000000000      0x580
 .debug_ranges  0x0000000000000000       0x10 kmain.o
 .debug_ranges  0x0000000000000010      0x120 xosera_gfx_test.o
 .debug_ranges  0x0000000000000130      0x100 ../xosera_m68k_api/xosera_api.o
 .debug_ranges  0x0000000000000230      0x330 /Users/kenj/Dev/Rosco_Dev/rosco_m68k/code/software/libs/build/lib/libprintf.a(printf-nofloat.o)
 .debug_ranges  0x0000000000000560       0x10 /Users/kenj/Dev/Rosco_Dev/rosco_m68k/code/software/libs/build/lib/libprintf.a(putchar.o)
 .debug_ranges  0x0000000000000570       0x10 /Users/kenj/Dev/Rosco_Dev/rosco_m68k/code/software/libs/build/lib/libstart_serial.a(kinit.o)

.debug_line     0x0000000000000000     0x1a6c
 .debug_line    0x0000000000000000       0x97 kmain.o
 .debug_line    0x0000000000000097      0x535 xosera_gfx_test.o
 .debug_line    0x00000000000005cc      0x3c9 ../xosera_m68k_api/xosera_api.o
 .debug_line    0x0000000000000995      0xd92 /Users/kenj/Dev/Rosco_Dev/rosco_m68k/code/software/libs/build/lib/libprintf.a(printf-nofloat.o)
 .debug_line    0x0000000000001727       0x97 /Users/kenj/Dev/Rosco_Dev/rosco_m68k/code/software/libs/build/lib/libprintf.a(putchar.o)
 .debug_line    0x00000000000017be       0xd1 /Users/kenj/Dev/Rosco_Dev/rosco_m68k/code/software/libs/build/lib/libstart_serial.a(kinit.o)
 .debug_line    0x000000000000188f       0x87 /usr/local/Cellar/gcc-cross-m68k@10/10.2.0/lib/gcc/m68k-elf/10.2.0/m68000//libgcc.a(_udivsi3.o)
 .debug_line    0x0000000000001916       0x76 /usr/local/Cellar/gcc-cross-m68k@10/10.2.0/lib/gcc/m68k-elf/10.2.0/m68000//libgcc.a(_divsi3.o)
 .debug_line    0x000000000000198c       0x72 /usr/local/Cellar/gcc-cross-m68k@10/10.2.0/lib/gcc/m68k-elf/10.2.0/m68000//libgcc.a(_umodsi3.o)
 .debug_line    0x00000000000019fe       0x6e /usr/local/Cellar/gcc-cross-m68k@10/10.2.0/lib/gcc/m68k-elf/10.2.0/m68000//libgcc.a(_mulsi3.o)

.debug_str      0x0000000000000000      0x666
 .debug_str     0x0000000000000000      0x148 kmain.o
                                        0x181 (size before relaxing)
 .debug_str     0x0000000000000148      0x221 xosera_gfx_test.o
                                        0x3c9 (size before relaxing)
 .debug_str     0x0000000000000369       0xa6 ../xosera_m68k_api/xosera_api.o
                                        0x293 (size before relaxing)
 .debug_str     0x000000000000040f      0x1ff /Users/kenj/Dev/Rosco_Dev/rosco_m68k/code/software/libs/build/lib/libprintf.a(printf-nofloat.o)
                                        0x310 (size before relaxing)
 .debug_str     0x000000000000060e       0x23 /Users/kenj/Dev/Rosco_Dev/rosco_m68k/code/software/libs/build/lib/libprintf.a(putchar.o)
                                        0x186 (size before relaxing)
 .debug_str     0x0000000000000631       0x35 /Users/kenj/Dev/Rosco_Dev/rosco_m68k/code/software/libs/build/lib/libstart_serial.a(kinit.o)
                                        0x19e (size before relaxing)

.comment        0x0000000000000000       0x12
 .comment       0x0000000000000000       0x12 kmain.o
                                         0x13 (size before relaxing)
 .comment       0x0000000000000012       0x13 xosera_gfx_test.o
 .comment       0x0000000000000012       0x13 ../xosera_m68k_api/xosera_api.o
 .comment       0x0000000000000012       0x13 /Users/kenj/Dev/Rosco_Dev/rosco_m68k/code/software/libs/build/lib/libprintf.a(printf-nofloat.o)
 .comment       0x0000000000000012       0x13 /Users/kenj/Dev/Rosco_Dev/rosco_m68k/code/software/libs/build/lib/libprintf.a(putchar.o)
 .comment       0x0000000000000012       0x13 /Users/kenj/Dev/Rosco_Dev/rosco_m68k/code/software/libs/build/lib/libstart_serial.a(kinit.o)

.debug_frame    0x0000000000000000      0x5d0
 .debug_frame   0x0000000000000000       0x2c kmain.o
 .debug_frame   0x000000000000002c      0x1b4 xosera_gfx_test.o
 .debug_frame   0x00000000000001e0       0x94 ../xosera_m68k_api/xosera_api.o
 .debug_frame   0x0000000000000274      0x308 /Users/kenj/Dev/Rosco_Dev/rosco_m68k/code/software/libs/build/lib/libprintf.a(printf-nofloat.o)
 .debug_frame   0x000000000000057c       0x30 /Users/kenj/Dev/Rosco_Dev/rosco_m68k/code/software/libs/build/lib/libprintf.a(putchar.o)
 .debug_frame   0x00000000000005ac       0x24 /Users/kenj/Dev/Rosco_Dev/rosco_m68k/code/software/libs/build/lib/libstart_serial.a(kinit.o)

.debug_loc      0x0000000000000000     0x1c7b
 .debug_loc     0x0000000000000000      0x390 xosera_gfx_test.o
 .debug_loc     0x0000000000000390      0x309 ../xosera_m68k_api/xosera_api.o
 .debug_loc     0x0000000000000699     0x15c2 /Users/kenj/Dev/Rosco_Dev/rosco_m68k/code/software/libs/build/lib/libprintf.a(printf-nofloat.o)
 .debug_loc     0x0000000000001c5b       0x20 /Users/kenj/Dev/Rosco_Dev/rosco_m68k/code/software/libs/build/lib/libstart_serial.a(kinit.o)
